[debug] [2026-08-10T09:18:05.583Z] [Firebase Plugin] Activating Firebase extension.
[debug] [2026-08-10T09:18:08.537Z] [Firebase Plugin] requireAuthWrapper
[debug] [2026-08-10T09:18:08.539Z] > command requires scopes: ["email","openid","https://www.googleapis.com/auth/cloudplatformprojects.readonly","https://www.googleapis.com/auth/firebase","https://www.googleapis.com/auth/cloud-platform"]
[debug] [2026-08-10T09:18:08.539Z] > authorizing via signed-in user (gaviruweerapana@gmail.com)
[debug] [2026-08-10T09:18:08.541Z] Checked if tokens are valid: false, expires at: 1786354385205
[debug] [2026-08-10T09:18:08.541Z] Checked if tokens are valid: false, expires at: 1786354385205
[debug] [2026-08-10T09:18:08.542Z] > refreshing access token with scopes: []
[debug] [2026-08-10T09:18:08.543Z] >>> [apiv2][query] POST https://www.googleapis.com/oauth2/v3/token [none]
[debug] [2026-08-10T09:18:08.543Z] >>> [apiv2][body] POST https://www.googleapis.com/oauth2/v3/token [omitted]
[debug] [2026-08-10T09:18:08.549Z] [Firebase Plugin] VSCode notification server listening on port 40001
[info] [Firebase Plugin] Starting SQL Connect toolkit (version 3.4.16) on port 50001
[debug] [2026-08-10T09:18:08.827Z] W0810 14:48:08.823636    7560 control.go:74] [projects/emulator/locations/emulator/services/mediinfo-dataconnect ef50] connector "default" has errors: connector\queries.gql:12:3: Unknown argument "slug" on field "Query.medicine".

sources: connector\mutations.gql [2291B] connector\queries.gql [991B] 
I0810 14:48:08.823636    7560 control.go:100] [projects/emulator/locations/emulator/services/mediinfo-dataconnect ef50] UpdateResources(): done
Main schema: sources: schema\schema.gql [1528B] 
Connector "default": sources: connector\queries.gql [991B] connector\mutations.gql [2291B] 
 {"metadata":{"emulator":{"name":"dataconnect"},"message":"W0810 14:48:08.823636    7560 control.go:74] [projects/emulator/locations/emulator/services/mediinfo-dataconnect ef50] connector \"default\" has errors: connector\\queries.gql:12:3: Unknown argument \"slug\" on field \"Query.medicine\".\n\nsources: connector\\mutations.gql [2291B] connector\\queries.gql [991B] \nI0810 14:48:08.823636    7560 control.go:100] [projects/emulator/locations/emulator/services/mediinfo-dataconnect ef50] UpdateResources(): done\nMain schema: sources: schema\\schema.gql [1528B] \nConnector \"default\": sources: connector\\queries.gql [991B] connector\\mutations.gql [2291B] \n"}}
[debug] [2026-08-10T09:18:08.827Z] Ignoring unsupported arg: auto_download {"metadata":{"emulator":{"name":"dataconnect"},"message":"Ignoring unsupported arg: auto_download"}}
[debug] [2026-08-10T09:18:08.828Z] Ignoring unsupported arg: port {"metadata":{"emulator":{"name":"dataconnect"},"message":"Ignoring unsupported arg: port"}}
[debug] [2026-08-10T09:18:08.828Z] Starting SQL Connect Emulator with command {"binary":"C:\\Users\\Gaviru Bihan\\.cache\\firebase\\emulators\\dataconnect-emulator-3.4.16.exe","args":["--logtostderr","-v=2","dev","--listen=localhost:50001","--config_dir=d:\\Projects\\MediInfo.LK\\dataconnect","--enable_output_schema_extensions=true","--enable_output_generated_sdk=true"],"optionalArgs":["listen","config_dir","enable_output_schema_extensions","enable_output_generated_sdk"],"joinArgs":true,"shell":false,"port":9399} {"metadata":{"emulator":{"name":"dataconnect"},"message":"Starting SQL Connect Emulator with command {\"binary\":\"C:\\\\Users\\\\Gaviru Bihan\\\\.cache\\\\firebase\\\\emulators\\\\dataconnect-emulator-3.4.16.exe\",\"args\":[\"--logtostderr\",\"-v=2\",\"dev\",\"--listen=localhost:50001\",\"--config_dir=d:\\\\Projects\\\\MediInfo.LK\\\\dataconnect\",\"--enable_output_schema_extensions=true\",\"--enable_output_generated_sdk=true\"],\"optionalArgs\":[\"listen\",\"config_dir\",\"enable_output_schema_extensions\",\"enable_output_generated_sdk\"],\"joinArgs\":true,\"shell\":false,\"port\":9399}"}}
[info] i  dataconnect: SQL Connect Emulator logging to dataconnect-debug.log {"metadata":{"emulator":{"name":"dataconnect"},"message":"SQL Connect Emulator logging to \u001b[1mdataconnect-debug.log\u001b[22m"}}
[debug] [2026-08-10T09:18:08.878Z] I0810 14:48:08.863310   30200 load.go:31] Reloading schema and connectors...
W0810 14:48:08.878332   30200 control.go:74] [projects/emulator/locations/emulator/services/mediinfo-dataconnect 9629] connector "default" has errors: connector\queries.gql:12:3: Unknown argument "slug" on field "Query.medicine".

sources: connector\queries.gql [991B] connector\mutations.gql [2291B] 
I0810 14:48:08.878332   30200 control.go:100] [projects/emulator/locations/emulator/services/mediinfo-dataconnect 9629] UpdateResources(): done
Main schema: sources: schema\schema.gql [1528B] 
Connector "default": sources: connector\mutations.gql [2291B] connector\queries.gql [991B] 
 {"metadata":{"emulator":{"name":"dataconnect"},"message":"I0810 14:48:08.863310   30200 load.go:31] Reloading schema and connectors...\nW0810 14:48:08.878332   30200 control.go:74] [projects/emulator/locations/emulator/services/mediinfo-dataconnect 9629] connector \"default\" has errors: connector\\queries.gql:12:3: Unknown argument \"slug\" on field \"Query.medicine\".\n\nsources: connector\\queries.gql [991B] connector\\mutations.gql [2291B] \nI0810 14:48:08.878332   30200 control.go:100] [projects/emulator/locations/emulator/services/mediinfo-dataconnect 9629] UpdateResources(): done\nMain schema: sources: schema\\schema.gql [1528B] \nConnector \"default\": sources: connector\\mutations.gql [2291B] connector\\queries.gql [991B] \n"}}
[debug] [2026-08-10T09:18:08.888Z] E0810 14:48:08.879354   30200 load.go:73] Could not load sources: 
Errors: connector\queries.gql:12:3: Unknown argument "slug" on field "Query.medicine".
I0810 14:48:08.881010   30200 collector.go:107] schema extensions wrote into "d:\\Projects\\MediInfo.LK\\dataconnect\\.dataconnect\\schema"
Generated sources: main\mutation.gql [18390B] prelude.gql [84995B] main\implicit.gql [1213B] main\input.gql [48153B] main\relation.gql [19819B] main\query.gql [6713B] 
I0810 14:48:08.881010   30200 load.go:74] Finished reloading
 {"metadata":{"emulator":{"name":"dataconnect"},"message":"E0810 14:48:08.879354   30200 load.go:73] Could not load sources: \nErrors: connector\\queries.gql:12:3: Unknown argument \"slug\" on field \"Query.medicine\".\nI0810 14:48:08.881010   30200 collector.go:107] schema extensions wrote into \"d:\\\\Projects\\\\MediInfo.LK\\\\dataconnect\\\\.dataconnect\\\\schema\"\nGenerated sources: main\\mutation.gql [18390B] prelude.gql [84995B] main\\implicit.gql [1213B] main\\input.gql [48153B] main\\relation.gql [19819B] main\\query.gql [6713B] \nI0810 14:48:08.881010   30200 load.go:74] Finished reloading\n"}}
[debug] [2026-08-10T09:18:08.892Z] I0810 14:48:08.892575   30200 dev.go:101] Listening on address (HTTP + gRPC): 127.0.0.1:50001
 {"metadata":{"emulator":{"name":"dataconnect"},"message":"I0810 14:48:08.892575   30200 dev.go:101] Listening on address (HTTP + gRPC): 127.0.0.1:50001\n"}}
[debug] [2026-08-10T09:18:09.117Z] I0810 14:48:09.118227   30200 engine.go:209] [projects/emulator/locations/emulator/services/mediinfo-dataconnect 9629] ExecuteGraphqlRead query IntrospectionQuery: succeeded. 
 {"metadata":{"emulator":{"name":"dataconnect"},"message":"I0810 14:48:09.118227   30200 engine.go:209] [projects/emulator/locations/emulator/services/mediinfo-dataconnect 9629] ExecuteGraphqlRead query IntrospectionQuery: succeeded. \n"}}
[debug] [2026-08-10T09:18:09.340Z] <<< [apiv2][status] POST https://www.googleapis.com/oauth2/v3/token 200
[debug] [2026-08-10T09:18:09.341Z] <<< [apiv2][body] POST https://www.googleapis.com/oauth2/v3/token [omitted]
[debug] [2026-08-10T09:18:09.380Z] [Firebase Plugin] User found:  gaviruweerapana@gmail.com
[info] [Firebase Plugin] (Core:Project) New user detected, fetching projects
[debug] [2026-08-10T09:18:09.381Z] Checked if tokens are valid: true, expires at: 1786357088341
[debug] [2026-08-10T09:18:09.382Z] >>> [apiv2][query] GET https://firebase.googleapis.com/v1beta1/projects pageSize=1000
[debug] [2026-08-10T09:18:15.030Z] <<< [apiv2][status] GET https://firebase.googleapis.com/v1beta1/projects 200
[debug] [2026-08-10T09:18:15.030Z] <<< [apiv2][body] GET https://firebase.googleapis.com/v1beta1/projects [omitted]
[debug] [2026-08-10T09:19:31.270Z] [Firebase Plugin] Value of process.env.MONOSPACE_ENV: undefined
[debug] [2026-08-10T09:19:31.270Z] [Firebase Plugin] requireAuthWrapper
[debug] [2026-08-10T09:19:31.271Z] > command requires scopes: ["email","openid","https://www.googleapis.com/auth/cloudplatformprojects.readonly","https://www.googleapis.com/auth/firebase","https://www.googleapis.com/auth/cloud-platform"]
[debug] [2026-08-10T09:19:31.271Z] > authorizing via signed-in user (gaviruweerapana@gmail.com)
[debug] [2026-08-10T09:19:31.271Z] Checked if tokens are valid: true, expires at: 1786357088341
[debug] [2026-08-10T09:19:31.271Z] [Firebase Plugin] User found:  gaviruweerapana@gmail.com
[info] [Firebase Plugin] (Core:Project) New user detected, fetching projects
[debug] [2026-08-10T09:19:31.272Z] Checked if tokens are valid: true, expires at: 1786357088341
[debug] [2026-08-10T09:19:31.272Z] >>> [apiv2][query] GET https://firebase.googleapis.com/v1beta1/projects pageSize=1000
[debug] [2026-08-10T09:19:31.280Z] [Firebase Plugin] Value of process.env.MONOSPACE_ENV: undefined
[debug] [2026-08-10T09:19:31.280Z] [Firebase Plugin] requireAuthWrapper
[debug] [2026-08-10T09:19:31.280Z] > command requires scopes: ["email","openid","https://www.googleapis.com/auth/cloudplatformprojects.readonly","https://www.googleapis.com/auth/firebase","https://www.googleapis.com/auth/cloud-platform"]
[debug] [2026-08-10T09:19:31.281Z] > authorizing via signed-in user (gaviruweerapana@gmail.com)
[debug] [2026-08-10T09:19:31.281Z] Checked if tokens are valid: true, expires at: 1786357088341
[debug] [2026-08-10T09:19:31.281Z] [Firebase Plugin] User found:  gaviruweerapana@gmail.com
[info] [Firebase Plugin] (Core:Project) New user detected, fetching projects
[debug] [2026-08-10T09:19:31.281Z] Checked if tokens are valid: true, expires at: 1786357088341
[debug] [2026-08-10T09:19:31.282Z] >>> [apiv2][query] GET https://firebase.googleapis.com/v1beta1/projects pageSize=1000
[debug] [2026-08-10T09:19:31.290Z] Found emulator hub locator: {"version":"15.26.0","origins":["http://127.0.0.1:4400","http://[::1]:4400"],"pid":29524}
[debug] [2026-08-10T09:19:31.290Z] >>> [apiv2][query] GET http://127.0.0.1:4400/emulators [none]
[debug] [2026-08-10T09:19:31.293Z] *** [apiv2] error from fetch(http://127.0.0.1:4400/emulators, {"headers":{},"method":"GET"}): Error: connect ECONNREFUSED 127.0.0.1:4400
[debug] [2026-08-10T09:19:31.294Z] >>> [apiv2][query] GET http://[::1]:4400/emulators [none]
[debug] [2026-08-10T09:19:31.296Z] *** [apiv2] error from fetch(http://[::1]:4400/emulators, {"headers":{},"method":"GET"}): Error: connect ECONNREFUSED ::1:4400
[debug] [2026-08-10T09:19:32.145Z] <<< [apiv2][status] GET https://firebase.googleapis.com/v1beta1/projects 200
[debug] [2026-08-10T09:19:32.145Z] <<< [apiv2][body] GET https://firebase.googleapis.com/v1beta1/projects [omitted]
[debug] [2026-08-10T09:19:32.224Z] <<< [apiv2][status] GET https://firebase.googleapis.com/v1beta1/projects 200
[debug] [2026-08-10T09:19:32.224Z] <<< [apiv2][body] GET https://firebase.googleapis.com/v1beta1/projects [omitted]
[debug] [2026-08-10T09:19:32.538Z] Found emulator hub locator: {"version":"15.26.0","origins":["http://127.0.0.1:4400","http://[::1]:4400"],"pid":29524}
[debug] [2026-08-10T09:19:32.538Z] >>> [apiv2][query] GET http://127.0.0.1:4400/emulators [none]
[debug] [2026-08-10T09:19:32.541Z] *** [apiv2] error from fetch(http://127.0.0.1:4400/emulators, {"headers":{},"method":"GET"}): Error: connect ECONNREFUSED 127.0.0.1:4400
[debug] [2026-08-10T09:19:32.541Z] >>> [apiv2][query] GET http://[::1]:4400/emulators [none]
[debug] [2026-08-10T09:19:32.542Z] *** [apiv2] error from fetch(http://[::1]:4400/emulators, {"headers":{},"method":"GET"}): Error: connect ECONNREFUSED ::1:4400
[debug] [2026-08-10T09:19:33.810Z] Found emulator hub locator: {"version":"15.26.0","origins":["http://127.0.0.1:4400","http://[::1]:4400"],"pid":29524}
[debug] [2026-08-10T09:19:33.811Z] >>> [apiv2][query] GET http://127.0.0.1:4400/emulators [none]
[debug] [2026-08-10T09:19:33.814Z] *** [apiv2] error from fetch(http://127.0.0.1:4400/emulators, {"headers":{},"method":"GET"}): Error: connect ECONNREFUSED 127.0.0.1:4400
[debug] [2026-08-10T09:19:33.814Z] >>> [apiv2][query] GET http://[::1]:4400/emulators [none]
[debug] [2026-08-10T09:19:33.816Z] *** [apiv2] error from fetch(http://[::1]:4400/emulators, {"headers":{},"method":"GET"}): Error: connect ECONNREFUSED ::1:4400
[debug] [2026-08-10T09:19:34.374Z] Found emulator hub locator: {"version":"15.26.0","origins":["http://127.0.0.1:4400","http://[::1]:4400"],"pid":29524}
[debug] [2026-08-10T09:19:34.374Z] >>> [apiv2][query] GET http://127.0.0.1:4400/emulators [none]
[debug] [2026-08-10T09:19:34.376Z] *** [apiv2] error from fetch(http://127.0.0.1:4400/emulators, {"headers":{},"method":"GET"}): Error: connect ECONNREFUSED 127.0.0.1:4400
[debug] [2026-08-10T09:19:34.376Z] >>> [apiv2][query] GET http://[::1]:4400/emulators [none]
[debug] [2026-08-10T09:19:34.378Z] *** [apiv2] error from fetch(http://[::1]:4400/emulators, {"headers":{},"method":"GET"}): Error: connect ECONNREFUSED ::1:4400
[debug] [2026-08-10T09:19:34.582Z] Found emulator hub locator: {"version":"15.26.0","origins":["http://127.0.0.1:4400","http://[::1]:4400"],"pid":29524}
[debug] [2026-08-10T09:19:34.583Z] >>> [apiv2][query] GET http://127.0.0.1:4400/emulators [none]
[debug] [2026-08-10T09:19:34.585Z] *** [apiv2] error from fetch(http://127.0.0.1:4400/emulators, {"headers":{},"method":"GET"}): Error: connect ECONNREFUSED 127.0.0.1:4400
[debug] [2026-08-10T09:19:34.585Z] >>> [apiv2][query] GET http://[::1]:4400/emulators [none]
[debug] [2026-08-10T09:19:34.586Z] *** [apiv2] error from fetch(http://[::1]:4400/emulators, {"headers":{},"method":"GET"}): Error: connect ECONNREFUSED ::1:4400
[debug] [2026-08-10T09:22:36.989Z] [Firebase Plugin] Received emulators started notification. Running detection.
[debug] [2026-08-10T09:22:36.998Z] Found emulator hub locator: {"version":"15.26.0","origins":["http://127.0.0.1:4400","http://[::1]:4400"],"pid":2488}
[debug] [2026-08-10T09:22:36.999Z] >>> [apiv2][query] GET http://127.0.0.1:4400/emulators [none]
[debug] [2026-08-10T09:22:37.048Z] <<< [apiv2][status] GET http://127.0.0.1:4400/emulators 200
[debug] [2026-08-10T09:22:37.048Z] <<< [apiv2][body] GET http://127.0.0.1:4400/emulators {"hub":{"listen":[{"address":"127.0.0.1","family":"IPv4","port":4400},{"address":"::1","family":"IPv6","port":4400}],"name":"hub","host":"127.0.0.1","port":4400},"ui":{"listen":[{"address":"127.0.0.1","family":"IPv4","port":4000},{"address":"::1","family":"IPv6","port":4000}],"name":"ui","host":"127.0.0.1","port":4000},"logging":{"listen":[{"address":"127.0.0.1","family":"IPv4","port":4500}],"name":"logging","host":"127.0.0.1","port":4500},"auth":{"listen":[{"address":"127.0.0.1","family":"IPv4","port":9099}],"name":"auth","host":"127.0.0.1","port":9099},"dataconnect":{"listen":[{"address":"127.0.0.1","family":"IPv4","port":9399},{"address":"::1","family":"IPv6","port":9399}],"name":"dataconnect","host":"127.0.0.1","port":9399,"pid":11684,"timeout":10000}}
[debug] [2026-08-10T09:22:37.175Z] I0810 14:52:37.175217   30200 engine.go:209] [projects/emulator/locations/emulator/services/mediinfo-dataconnect 9629] ExecuteGraphqlRead query IntrospectionQuery: succeeded. 
 {"metadata":{"emulator":{"name":"dataconnect"},"message":"I0810 14:52:37.175217   30200 engine.go:209] [projects/emulator/locations/emulator/services/mediinfo-dataconnect 9629] ExecuteGraphqlRead query IntrospectionQuery: succeeded. \n"}}
[debug] [2026-08-10T10:03:18.882Z] I0810 15:33:18.882639   30200 load.go:31] Reloading schema and connectors...
 {"metadata":{"emulator":{"name":"dataconnect"},"message":"I0810 15:33:18.882639   30200 load.go:31] Reloading schema and connectors...\n"}}
[debug] [2026-08-10T10:03:18.896Z] W0810 15:33:18.896859   30200 control.go:74] [projects/emulator/locations/emulator/services/mediinfo-dataconnect 2ffe] connector "default" has errors: connector\queries.gql:12:3: Unknown argument "slug" on field "Query.medicine".

sources: connector\mutations.gql [2291B] connector\queries.gql [991B] 
I0810 15:33:18.896859   30200 control.go:100] [projects/emulator/locations/emulator/services/mediinfo-dataconnect 2ffe] UpdateResources(): done
Main schema: sources: schema\schema.gql [1551B] 
Connector "default": sources: connector\mutations.gql [2291B] connector\queries.gql [991B] 
 {"metadata":{"emulator":{"name":"dataconnect"},"message":"W0810 15:33:18.896859   30200 control.go:74] [projects/emulator/locations/emulator/services/mediinfo-dataconnect 2ffe] connector \"default\" has errors: connector\\queries.gql:12:3: Unknown argument \"slug\" on field \"Query.medicine\".\n\nsources: connector\\mutations.gql [2291B] connector\\queries.gql [991B] \nI0810 15:33:18.896859   30200 control.go:100] [projects/emulator/locations/emulator/services/mediinfo-dataconnect 2ffe] UpdateResources(): done\nMain schema: sources: schema\\schema.gql [1551B] \nConnector \"default\": sources: connector\\mutations.gql [2291B] connector\\queries.gql [991B] \n"}}
[debug] [2026-08-10T10:03:18.897Z] E0810 15:33:18.897418   30200 load.go:73] Could not load sources: 
Errors: connector\queries.gql:12:3: Unknown argument "slug" on field "Query.medicine".
 {"metadata":{"emulator":{"name":"dataconnect"},"message":"E0810 15:33:18.897418   30200 load.go:73] Could not load sources: \nErrors: connector\\queries.gql:12:3: Unknown argument \"slug\" on field \"Query.medicine\".\n"}}
[debug] [2026-08-10T10:03:18.898Z] I0810 15:33:18.898464   30200 collector.go:107] schema extensions wrote into "d:\\Projects\\MediInfo.LK\\dataconnect\\.dataconnect\\schema"
Generated sources: prelude.gql [84995B] main\input.gql [48910B] main\relation.gql [20206B] main\query.gql [6713B] main\mutation.gql [18390B] main\implicit.gql [1213B] 
 {"metadata":{"emulator":{"name":"dataconnect"},"message":"I0810 15:33:18.898464   30200 collector.go:107] schema extensions wrote into \"d:\\\\Projects\\\\MediInfo.LK\\\\dataconnect\\\\.dataconnect\\\\schema\"\nGenerated sources: prelude.gql [84995B] main\\input.gql [48910B] main\\relation.gql [20206B] main\\query.gql [6713B] main\\mutation.gql [18390B] main\\implicit.gql [1213B] \n"}}
[debug] [2026-08-10T10:03:18.898Z] I0810 15:33:18.898464   30200 load.go:74] Finished reloading
 {"metadata":{"emulator":{"name":"dataconnect"},"message":"I0810 15:33:18.898464   30200 load.go:74] Finished reloading\n"}}
[debug] [2026-08-10T10:03:19.680Z] I0810 15:33:19.680131   30200 engine.go:209] [projects/emulator/locations/emulator/services/mediinfo-dataconnect 2ffe] ExecuteGraphqlRead query IntrospectionQuery: succeeded. 
 {"metadata":{"emulator":{"name":"dataconnect"},"message":"I0810 15:33:19.680131   30200 engine.go:209] [projects/emulator/locations/emulator/services/mediinfo-dataconnect 2ffe] ExecuteGraphqlRead query IntrospectionQuery: succeeded. \n"}}
[debug] [2026-08-10T14:04:00.400Z] I0810 19:34:00.401159   30200 load.go:31] Reloading schema and connectors...
 {"metadata":{"emulator":{"name":"dataconnect"},"message":"I0810 19:34:00.401159   30200 load.go:31] Reloading schema and connectors...\n"}}
[debug] [2026-08-10T14:04:00.411Z] W0810 19:34:00.411641   30200 control.go:74] [projects/emulator/locations/emulator/services/mediinfo-dataconnect 19a5] connector "default" has errors: connector\mutations.gql:9:3: medicine_insert (data: Medicine_Data): column createdDate is required but is missing in data

sources: connector\mutations.gql [2291B] connector\queries.gql [1007B] 
I0810 19:34:00.411641   30200 control.go:100] [projects/emulator/locations/emulator/services/mediinfo-dataconnect 19a5] UpdateResources(): done
Main schema: sources: schema\schema.gql [1551B] 
Connector "default": sources: connector\mutations.gql [2291B] connector\queries.gql [1007B] 
 {"metadata":{"emulator":{"name":"dataconnect"},"message":"W0810 19:34:00.411641   30200 control.go:74] [projects/emulator/locations/emulator/services/mediinfo-dataconnect 19a5] connector \"default\" has errors: connector\\mutations.gql:9:3: medicine_insert (data: Medicine_Data): column createdDate is required but is missing in data\n\nsources: connector\\mutations.gql [2291B] connector\\queries.gql [1007B] \nI0810 19:34:00.411641   30200 control.go:100] [projects/emulator/locations/emulator/services/mediinfo-dataconnect 19a5] UpdateResources(): done\nMain schema: sources: schema\\schema.gql [1551B] \nConnector \"default\": sources: connector\\mutations.gql [2291B] connector\\queries.gql [1007B] \n"}}
[debug] [2026-08-10T14:04:00.411Z] E0810 19:34:00.412155   30200 load.go:73] Could not load sources: 
Errors: connector\mutations.gql:9:3: medicine_insert (data: Medicine_Data): column createdDate is required but is missing in data
 {"metadata":{"emulator":{"name":"dataconnect"},"message":"E0810 19:34:00.412155   30200 load.go:73] Could not load sources: \nErrors: connector\\mutations.gql:9:3: medicine_insert (data: Medicine_Data): column createdDate is required but is missing in data\n"}}
[debug] [2026-08-10T14:04:00.413Z] I0810 19:34:00.413462   30200 collector.go:107] schema extensions wrote into "d:\\Projects\\MediInfo.LK\\dataconnect\\.dataconnect\\schema"
Generated sources: main\input.gql [48910B] main\relation.gql [20206B] main\query.gql [6713B] prelude.gql [84995B] main\mutation.gql [18390B] main\implicit.gql [1213B] 
 {"metadata":{"emulator":{"name":"dataconnect"},"message":"I0810 19:34:00.413462   30200 collector.go:107] schema extensions wrote into \"d:\\\\Projects\\\\MediInfo.LK\\\\dataconnect\\\\.dataconnect\\\\schema\"\nGenerated sources: main\\input.gql [48910B] main\\relation.gql [20206B] main\\query.gql [6713B] prelude.gql [84995B] main\\mutation.gql [18390B] main\\implicit.gql [1213B] \n"}}
[debug] [2026-08-10T14:04:00.413Z] I0810 19:34:00.413462   30200 load.go:74] Finished reloading
 {"metadata":{"emulator":{"name":"dataconnect"},"message":"I0810 19:34:00.413462   30200 load.go:74] Finished reloading\n"}}
[debug] [2026-08-10T14:05:10.400Z] I0810 19:35:10.400482   30200 load.go:31] Reloading schema and connectors...
 {"metadata":{"emulator":{"name":"dataconnect"},"message":"I0810 19:35:10.400482   30200 load.go:31] Reloading schema and connectors...\n"}}
[debug] [2026-08-10T14:05:10.412Z] I0810 19:35:10.412444   30200 control.go:100] [projects/emulator/locations/emulator/services/mediinfo-dataconnect 0273] UpdateResources(): done
Main schema: sources: schema\schema.gql [1551B] 
Connector "default": sources: connector\mutations.gql [2345B] connector\queries.gql [1007B] 
 {"metadata":{"emulator":{"name":"dataconnect"},"message":"I0810 19:35:10.412444   30200 control.go:100] [projects/emulator/locations/emulator/services/mediinfo-dataconnect 0273] UpdateResources(): done\nMain schema: sources: schema\\schema.gql [1551B] \nConnector \"default\": sources: connector\\mutations.gql [2345B] connector\\queries.gql [1007B] \n"}}
[debug] [2026-08-10T14:05:10.427Z] I0810 19:35:10.427212   30200 codegen.go:101] [connector "default" javascriptSdk] Generating sources into "d:\\Projects\\MediInfo.LK\\src\\lib\\firebase\\dataconnect"
 {"metadata":{"emulator":{"name":"dataconnect"},"message":"I0810 19:35:10.427212   30200 codegen.go:101] [connector \"default\" javascriptSdk] Generating sources into \"d:\\\\Projects\\\\MediInfo.LK\\\\src\\\\lib\\\\firebase\\\\dataconnect\"\n"}}
[debug] [2026-08-10T14:05:10.442Z] I0810 19:35:10.441726   30200 collector.go:107] schema extensions wrote into "d:\\Projects\\MediInfo.LK\\dataconnect\\.dataconnect\\schema"
Generated sources: main\query.gql [6713B] main\mutation.gql [18390B] main\implicit.gql [1213B] main\input.gql [48910B] prelude.gql [84995B] main\relation.gql [20206B] 
 {"metadata":{"emulator":{"name":"dataconnect"},"message":"I0810 19:35:10.441726   30200 collector.go:107] schema extensions wrote into \"d:\\\\Projects\\\\MediInfo.LK\\\\dataconnect\\\\.dataconnect\\\\schema\"\nGenerated sources: main\\query.gql [6713B] main\\mutation.gql [18390B] main\\implicit.gql [1213B] main\\input.gql [48910B] prelude.gql [84995B] main\\relation.gql [20206B] \n"}}
[debug] [2026-08-10T14:05:10.444Z] I0810 19:35:10.444293   30200 collector.go:107] connector "default" javascriptSdk wrote into "d:\\Projects\\MediInfo.LK\\src\\lib\\firebase\\dataconnect"
Generated sources: .guides/config.json [236B] esm\index.esm.js [4277B] esm\package.json [17B] index.cjs.js [4825B] index.d.ts [9312B] package.json [623B] README.md [40937B] .guides/usage.md [1781B] .guides/setup.md [592B] 
I0810 19:35:10.444293   30200 installsdk.go:138] generate.javascriptSdk.packageJsonDir is not specified, skipping automatic installation of package
I0810 19:35:10.444293   30200 load.go:109] Finished reloading
 {"metadata":{"emulator":{"name":"dataconnect"},"message":"I0810 19:35:10.444293   30200 collector.go:107] connector \"default\" javascriptSdk wrote into \"d:\\\\Projects\\\\MediInfo.LK\\\\src\\\\lib\\\\firebase\\\\dataconnect\"\nGenerated sources: .guides/config.json [236B] esm\\index.esm.js [4277B] esm\\package.json [17B] index.cjs.js [4825B] index.d.ts [9312B] package.json [623B] README.md [40937B] .guides/usage.md [1781B] .guides/setup.md [592B] \nI0810 19:35:10.444293   30200 installsdk.go:138] generate.javascriptSdk.packageJsonDir is not specified, skipping automatic installation of package\nI0810 19:35:10.444293   30200 load.go:109] Finished reloading\n"}}
[debug] [2026-08-10T14:10:10.400Z] I0810 19:40:10.400809   30200 load.go:31] Reloading schema and connectors...
 {"metadata":{"emulator":{"name":"dataconnect"},"message":"I0810 19:40:10.400809   30200 load.go:31] Reloading schema and connectors...\n"}}
[debug] [2026-08-10T14:10:10.410Z] I0810 19:40:10.411164   30200 control.go:100] [projects/emulator/locations/emulator/services/mediinfo-lk-service 3501] UpdateResources(): done
Main schema: sources: schema\schema.gql [1551B] 
Connector "default": sources: connector\mutations.gql [2345B] connector\queries.gql [1007B] 
 {"metadata":{"emulator":{"name":"dataconnect"},"message":"I0810 19:40:10.411164   30200 control.go:100] [projects/emulator/locations/emulator/services/mediinfo-lk-service 3501] UpdateResources(): done\nMain schema: sources: schema\\schema.gql [1551B] \nConnector \"default\": sources: connector\\mutations.gql [2345B] connector\\queries.gql [1007B] \n"}}
[debug] [2026-08-10T14:10:10.419Z] I0810 19:40:10.419509   30200 codegen.go:101] [connector "default" javascriptSdk] Generating sources into "d:\\Projects\\MediInfo.LK\\src\\lib\\firebase\\dataconnect"
 {"metadata":{"emulator":{"name":"dataconnect"},"message":"I0810 19:40:10.419509   30200 codegen.go:101] [connector \"default\" javascriptSdk] Generating sources into \"d:\\\\Projects\\\\MediInfo.LK\\\\src\\\\lib\\\\firebase\\\\dataconnect\"\n"}}
[debug] [2026-08-10T14:10:10.425Z] I0810 19:40:10.425484   30200 collector.go:107] schema extensions wrote into "d:\\Projects\\MediInfo.LK\\dataconnect\\.dataconnect\\schema"
Generated sources: main\mutation.gql [18390B] main\implicit.gql [1213B] main\input.gql [48910B] prelude.gql [84995B] main\relation.gql [20206B] main\query.gql [6713B] 
 {"metadata":{"emulator":{"name":"dataconnect"},"message":"I0810 19:40:10.425484   30200 collector.go:107] schema extensions wrote into \"d:\\\\Projects\\\\MediInfo.LK\\\\dataconnect\\\\.dataconnect\\\\schema\"\nGenerated sources: main\\mutation.gql [18390B] main\\implicit.gql [1213B] main\\input.gql [48910B] prelude.gql [84995B] main\\relation.gql [20206B] main\\query.gql [6713B] \n"}}
[debug] [2026-08-10T14:10:10.427Z] I0810 19:40:10.427135   30200 collector.go:107] connector "default" javascriptSdk wrote into "d:\\Projects\\MediInfo.LK\\src\\lib\\firebase\\dataconnect"
Generated sources: README.md [40937B] .guides/usage.md [1781B] .guides/setup.md [592B] esm\package.json [17B] .guides/config.json [236B] index.d.ts [9312B] esm\index.esm.js [4273B] index.cjs.js [4821B] package.json [623B] 
I0810 19:40:10.427135   30200 installsdk.go:138] generate.javascriptSdk.packageJsonDir is not specified, skipping automatic installation of package
I0810 19:40:10.427135   30200 load.go:109] Finished reloading
 {"metadata":{"emulator":{"name":"dataconnect"},"message":"I0810 19:40:10.427135   30200 collector.go:107] connector \"default\" javascriptSdk wrote into \"d:\\\\Projects\\\\MediInfo.LK\\\\src\\\\lib\\\\firebase\\\\dataconnect\"\nGenerated sources: README.md [40937B] .guides/usage.md [1781B] .guides/setup.md [592B] esm\\package.json [17B] .guides/config.json [236B] index.d.ts [9312B] esm\\index.esm.js [4273B] index.cjs.js [4821B] package.json [623B] \nI0810 19:40:10.427135   30200 installsdk.go:138] generate.javascriptSdk.packageJsonDir is not specified, skipping automatic installation of package\nI0810 19:40:10.427135   30200 load.go:109] Finished reloading\n"}}
[debug] [2026-08-10T14:22:56.778Z] [Firebase Plugin] Received emulators shutdown notification.
[debug] [2026-08-10T14:28:00.400Z] I0810 19:58:00.399962   30200 load.go:31] Reloading schema and connectors...
 {"metadata":{"emulator":{"name":"dataconnect"},"message":"I0810 19:58:00.399962   30200 load.go:31] Reloading schema and connectors...\n"}}
[debug] [2026-08-10T14:28:00.410Z] I0810 19:58:00.410993   30200 control.go:100] [projects/emulator/locations/emulator/services/mediinfo-lk-service 87b9] UpdateResources(): done
Main schema: sources: schema\schema.gql [1551B] 
Connector "default": sources: connector\mutations.gql [2345B] connector\queries.gql [1734B] 
 {"metadata":{"emulator":{"name":"dataconnect"},"message":"I0810 19:58:00.410993   30200 control.go:100] [projects/emulator/locations/emulator/services/mediinfo-lk-service 87b9] UpdateResources(): done\nMain schema: sources: schema\\schema.gql [1551B] \nConnector \"default\": sources: connector\\mutations.gql [2345B] connector\\queries.gql [1734B] \n"}}
[debug] [2026-08-10T14:28:00.419Z] I0810 19:58:00.418974   30200 codegen.go:101] [connector "default" javascriptSdk] Generating sources into "d:\\Projects\\MediInfo.LK\\src\\lib\\firebase\\dataconnect"
 {"metadata":{"emulator":{"name":"dataconnect"},"message":"I0810 19:58:00.418974   30200 codegen.go:101] [connector \"default\" javascriptSdk] Generating sources into \"d:\\\\Projects\\\\MediInfo.LK\\\\src\\\\lib\\\\firebase\\\\dataconnect\"\n"}}
[debug] [2026-08-10T14:28:00.427Z] I0810 19:58:00.427136   30200 collector.go:107] schema extensions wrote into "d:\\Projects\\MediInfo.LK\\dataconnect\\.dataconnect\\schema"
Generated sources: main\implicit.gql [1213B] main\input.gql [48910B] main\relation.gql [20206B] main\query.gql [6713B] main\mutation.gql [18390B] prelude.gql [84995B] 
 {"metadata":{"emulator":{"name":"dataconnect"},"message":"I0810 19:58:00.427136   30200 collector.go:107] schema extensions wrote into \"d:\\\\Projects\\\\MediInfo.LK\\\\dataconnect\\\\.dataconnect\\\\schema\"\nGenerated sources: main\\implicit.gql [1213B] main\\input.gql [48910B] main\\relation.gql [20206B] main\\query.gql [6713B] main\\mutation.gql [18390B] prelude.gql [84995B] \n"}}
[debug] [2026-08-10T14:28:00.430Z] I0810 19:58:00.430080   30200 collector.go:107] connector "default" javascriptSdk wrote into "d:\\Projects\\MediInfo.LK\\src\\lib\\firebase\\dataconnect"
Generated sources: README.md [42079B] .guides/usage.md [1781B] .guides/setup.md [592B] .guides/config.json [236B] index.d.ts [10454B] esm\index.esm.js [4273B] esm\package.json [17B] index.cjs.js [4821B] package.json [623B] 
I0810 19:58:00.430080   30200 installsdk.go:138] generate.javascriptSdk.packageJsonDir is not specified, skipping automatic installation of package
I0810 19:58:00.430080   30200 load.go:109] Finished reloading
 {"metadata":{"emulator":{"name":"dataconnect"},"message":"I0810 19:58:00.430080   30200 collector.go:107] connector \"default\" javascriptSdk wrote into \"d:\\\\Projects\\\\MediInfo.LK\\\\src\\\\lib\\\\firebase\\\\dataconnect\"\nGenerated sources: README.md [42079B] .guides/usage.md [1781B] .guides/setup.md [592B] .guides/config.json [236B] index.d.ts [10454B] esm\\index.esm.js [4273B] esm\\package.json [17B] index.cjs.js [4821B] package.json [623B] \nI0810 19:58:00.430080   30200 installsdk.go:138] generate.javascriptSdk.packageJsonDir is not specified, skipping automatic installation of package\nI0810 19:58:00.430080   30200 load.go:109] Finished reloading\n"}}
[debug] [2026-08-10T14:45:10.401Z] I0810 20:15:10.401257   30200 load.go:31] Reloading schema and connectors...
 {"metadata":{"emulator":{"name":"dataconnect"},"message":"I0810 20:15:10.401257   30200 load.go:31] Reloading schema and connectors...\n"}}
[debug] [2026-08-10T14:45:10.409Z] I0810 20:15:10.408977   30200 control.go:100] [projects/emulator/locations/emulator/services/mediinfo-lk-service 1d7a] UpdateResources(): done
Main schema: sources: schema\schema.gql [1551B] 
Connector "default": sources: connector\mutations.gql [3626B] connector\queries.gql [1734B] 
 {"metadata":{"emulator":{"name":"dataconnect"},"message":"I0810 20:15:10.408977   30200 control.go:100] [projects/emulator/locations/emulator/services/mediinfo-lk-service 1d7a] UpdateResources(): done\nMain schema: sources: schema\\schema.gql [1551B] \nConnector \"default\": sources: connector\\mutations.gql [3626B] connector\\queries.gql [1734B] \n"}}
[debug] [2026-08-10T14:45:10.419Z] I0810 20:15:10.419124   30200 codegen.go:101] [connector "default" javascriptSdk] Generating sources into "d:\\Projects\\MediInfo.LK\\src\\lib\\firebase\\dataconnect"
 {"metadata":{"emulator":{"name":"dataconnect"},"message":"I0810 20:15:10.419124   30200 codegen.go:101] [connector \"default\" javascriptSdk] Generating sources into \"d:\\\\Projects\\\\MediInfo.LK\\\\src\\\\lib\\\\firebase\\\\dataconnect\"\n"}}
[debug] [2026-08-10T14:45:10.425Z] I0810 20:15:10.425589   30200 collector.go:107] schema extensions wrote into "d:\\Projects\\MediInfo.LK\\dataconnect\\.dataconnect\\schema"
Generated sources: prelude.gql [84995B] main\implicit.gql [1213B] main\input.gql [48910B] main\relation.gql [20206B] main\query.gql [6713B] main\mutation.gql [18390B] 
 {"metadata":{"emulator":{"name":"dataconnect"},"message":"I0810 20:15:10.425589   30200 collector.go:107] schema extensions wrote into \"d:\\\\Projects\\\\MediInfo.LK\\\\dataconnect\\\\.dataconnect\\\\schema\"\nGenerated sources: prelude.gql [84995B] main\\implicit.gql [1213B] main\\input.gql [48910B] main\\relation.gql [20206B] main\\query.gql [6713B] main\\mutation.gql [18390B] \n"}}
[debug] [2026-08-10T14:45:10.427Z] I0810 20:15:10.427731   30200 collector.go:107] connector "default" javascriptSdk wrote into "d:\\Projects\\MediInfo.LK\\src\\lib\\firebase\\dataconnect"
Generated sources: esm\index.esm.js [5397B] index.cjs.js [6104B] .guides/setup.md [592B] .guides/config.json [236B] index.d.ts [12870B] esm\package.json [17B] package.json [623B] README.md [53774B] .guides/usage.md [2212B] 
I0810 20:15:10.427731   30200 installsdk.go:138] generate.javascriptSdk.packageJsonDir is not specified, skipping automatic installation of package
I0810 20:15:10.427731   30200 load.go:109] Finished reloading
 {"metadata":{"emulator":{"name":"dataconnect"},"message":"I0810 20:15:10.427731   30200 collector.go:107] connector \"default\" javascriptSdk wrote into \"d:\\\\Projects\\\\MediInfo.LK\\\\src\\\\lib\\\\firebase\\\\dataconnect\"\nGenerated sources: esm\\index.esm.js [5397B] index.cjs.js [6104B] .guides/setup.md [592B] .guides/config.json [236B] index.d.ts [12870B] esm\\package.json [17B] package.json [623B] README.md [53774B] .guides/usage.md [2212B] \nI0810 20:15:10.427731   30200 installsdk.go:138] generate.javascriptSdk.packageJsonDir is not specified, skipping automatic installation of package\nI0810 20:15:10.427731   30200 load.go:109] Finished reloading\n"}}
[debug] [2026-08-10T15:16:30.401Z] I0810 20:46:30.401339   30200 load.go:31] Reloading schema and connectors...
 {"metadata":{"emulator":{"name":"dataconnect"},"message":"I0810 20:46:30.401339   30200 load.go:31] Reloading schema and connectors...\n"}}
[debug] [2026-08-10T15:16:30.411Z] I0810 20:46:30.411680   30200 control.go:100] [projects/emulator/locations/emulator/services/mediinfo-lk-service bcf1] UpdateResources(): done
Main schema: sources: schema\schema.gql [1759B] 
Connector "default": sources: connector\mutations.gql [3626B] connector\queries.gql [1734B] 
 {"metadata":{"emulator":{"name":"dataconnect"},"message":"I0810 20:46:30.411680   30200 control.go:100] [projects/emulator/locations/emulator/services/mediinfo-lk-service bcf1] UpdateResources(): done\nMain schema: sources: schema\\schema.gql [1759B] \nConnector \"default\": sources: connector\\mutations.gql [3626B] connector\\queries.gql [1734B] \n"}}
[debug] [2026-08-10T15:16:30.425Z] I0810 20:46:30.425092   30200 codegen.go:101] [connector "default" javascriptSdk] Generating sources into "d:\\Projects\\MediInfo.LK\\src\\lib\\firebase\\dataconnect"
 {"metadata":{"emulator":{"name":"dataconnect"},"message":"I0810 20:46:30.425092   30200 codegen.go:101] [connector \"default\" javascriptSdk] Generating sources into \"d:\\\\Projects\\\\MediInfo.LK\\\\src\\\\lib\\\\firebase\\\\dataconnect\"\n"}}
[debug] [2026-08-10T15:16:30.432Z] I0810 20:46:30.432525   30200 collector.go:107] schema extensions wrote into "d:\\Projects\\MediInfo.LK\\dataconnect\\.dataconnect\\schema"
Generated sources: prelude.gql [84995B] main\implicit.gql [1522B] main\input.gql [56976B] main\relation.gql [23702B] main\query.gql [8137B] main\mutation.gql [22360B] 
 {"metadata":{"emulator":{"name":"dataconnect"},"message":"I0810 20:46:30.432525   30200 collector.go:107] schema extensions wrote into \"d:\\\\Projects\\\\MediInfo.LK\\\\dataconnect\\\\.dataconnect\\\\schema\"\nGenerated sources: prelude.gql [84995B] main\\implicit.gql [1522B] main\\input.gql [56976B] main\\relation.gql [23702B] main\\query.gql [8137B] main\\mutation.gql [22360B] \n"}}
[debug] [2026-08-10T15:16:30.433Z] I0810 20:46:30.433688   30200 collector.go:107] connector "default" javascriptSdk wrote into "d:\\Projects\\MediInfo.LK\\src\\lib\\firebase\\dataconnect"
Generated sources: index.d.ts [12978B] esm\index.esm.js [5397B] esm\package.json [17B] README.md [53774B] .guides/setup.md [592B] index.cjs.js [6104B] package.json [623B] .guides/usage.md [2212B] .guides/config.json [236B] 
I0810 20:46:30.433688   30200 installsdk.go:138] generate.javascriptSdk.packageJsonDir is not specified, skipping automatic installation of package
I0810 20:46:30.433688   30200 load.go:109] Finished reloading
 {"metadata":{"emulator":{"name":"dataconnect"},"message":"I0810 20:46:30.433688   30200 collector.go:107] connector \"default\" javascriptSdk wrote into \"d:\\\\Projects\\\\MediInfo.LK\\\\src\\\\lib\\\\firebase\\\\dataconnect\"\nGenerated sources: index.d.ts [12978B] esm\\index.esm.js [5397B] esm\\package.json [17B] README.md [53774B] .guides/setup.md [592B] index.cjs.js [6104B] package.json [623B] .guides/usage.md [2212B] .guides/config.json [236B] \nI0810 20:46:30.433688   30200 installsdk.go:138] generate.javascriptSdk.packageJsonDir is not specified, skipping automatic installation of package\nI0810 20:46:30.433688   30200 load.go:109] Finished reloading\n"}}
[debug] [2026-08-10T15:16:50.400Z] I0810 20:46:50.400575   30200 load.go:31] Reloading schema and connectors...
 {"metadata":{"emulator":{"name":"dataconnect"},"message":"I0810 20:46:50.400575   30200 load.go:31] Reloading schema and connectors...\n"}}
[debug] [2026-08-10T15:16:50.408Z] I0810 20:46:50.407867   30200 control.go:100] [projects/emulator/locations/emulator/services/mediinfo-lk-service 98ff] UpdateResources(): done
Main schema: sources: schema\schema.gql [1759B] 
Connector "default": sources: connector\mutations.gql [4057B] connector\queries.gql [1734B] 
 {"metadata":{"emulator":{"name":"dataconnect"},"message":"I0810 20:46:50.407867   30200 control.go:100] [projects/emulator/locations/emulator/services/mediinfo-lk-service 98ff] UpdateResources(): done\nMain schema: sources: schema\\schema.gql [1759B] \nConnector \"default\": sources: connector\\mutations.gql [4057B] connector\\queries.gql [1734B] \n"}}
[debug] [2026-08-10T15:16:50.418Z] I0810 20:46:50.417857   30200 codegen.go:101] [connector "default" javascriptSdk] Generating sources into "d:\\Projects\\MediInfo.LK\\src\\lib\\firebase\\dataconnect"
 {"metadata":{"emulator":{"name":"dataconnect"},"message":"I0810 20:46:50.417857   30200 codegen.go:101] [connector \"default\" javascriptSdk] Generating sources into \"d:\\\\Projects\\\\MediInfo.LK\\\\src\\\\lib\\\\firebase\\\\dataconnect\"\n"}}
[debug] [2026-08-10T15:16:50.424Z] I0810 20:46:50.423940   30200 collector.go:107] schema extensions wrote into "d:\\Projects\\MediInfo.LK\\dataconnect\\.dataconnect\\schema"
Generated sources: prelude.gql [84995B] main\input.gql [56976B] main\relation.gql [23702B] main\query.gql [8137B] main\mutation.gql [22360B] main\implicit.gql [1522B] 
 {"metadata":{"emulator":{"name":"dataconnect"},"message":"I0810 20:46:50.423940   30200 collector.go:107] schema extensions wrote into \"d:\\\\Projects\\\\MediInfo.LK\\\\dataconnect\\\\.dataconnect\\\\schema\"\nGenerated sources: prelude.gql [84995B] main\\input.gql [56976B] main\\relation.gql [23702B] main\\query.gql [8137B] main\\mutation.gql [22360B] main\\implicit.gql [1522B] \n"}}
[debug] [2026-08-10T15:16:50.425Z] I0810 20:46:50.425538   30200 collector.go:107] connector "default" javascriptSdk wrote into "d:\\Projects\\MediInfo.LK\\src\\lib\\firebase\\dataconnect"
Generated sources: index.d.ts [15113B] index.cjs.js [7423B] package.json [623B] esm\index.esm.js [6545B] esm\package.json [17B] README.md [63968B] .guides/usage.md [2465B] .guides/setup.md [592B] .guides/config.json [236B] 
I0810 20:46:50.425538   30200 installsdk.go:138] generate.javascriptSdk.packageJsonDir is not specified, skipping automatic installation of package
I0810 20:46:50.425538   30200 load.go:109] Finished reloading
 {"metadata":{"emulator":{"name":"dataconnect"},"message":"I0810 20:46:50.425538   30200 collector.go:107] connector \"default\" javascriptSdk wrote into \"d:\\\\Projects\\\\MediInfo.LK\\\\src\\\\lib\\\\firebase\\\\dataconnect\"\nGenerated sources: index.d.ts [15113B] index.cjs.js [7423B] package.json [623B] esm\\index.esm.js [6545B] esm\\package.json [17B] README.md [63968B] .guides/usage.md [2465B] .guides/setup.md [592B] .guides/config.json [236B] \nI0810 20:46:50.425538   30200 installsdk.go:138] generate.javascriptSdk.packageJsonDir is not specified, skipping automatic installation of package\nI0810 20:46:50.425538   30200 load.go:109] Finished reloading\n"}}
[debug] [2026-08-10T15:17:00.400Z] I0810 20:47:00.400011   30200 load.go:31] Reloading schema and connectors...
 {"metadata":{"emulator":{"name":"dataconnect"},"message":"I0810 20:47:00.400011   30200 load.go:31] Reloading schema and connectors...\n"}}
[debug] [2026-08-10T15:17:00.407Z] I0810 20:47:00.407490   30200 control.go:100] [projects/emulator/locations/emulator/services/mediinfo-lk-service 3ee7] UpdateResources(): done
Main schema: sources: schema\schema.gql [1759B] 
Connector "default": sources: connector\queries.gql [1838B] connector\mutations.gql [4057B] 
 {"metadata":{"emulator":{"name":"dataconnect"},"message":"I0810 20:47:00.407490   30200 control.go:100] [projects/emulator/locations/emulator/services/mediinfo-lk-service 3ee7] UpdateResources(): done\nMain schema: sources: schema\\schema.gql [1759B] \nConnector \"default\": sources: connector\\queries.gql [1838B] connector\\mutations.gql [4057B] \n"}}
[debug] [2026-08-10T15:17:00.417Z] I0810 20:47:00.417410   30200 codegen.go:101] [connector "default" javascriptSdk] Generating sources into "d:\\Projects\\MediInfo.LK\\src\\lib\\firebase\\dataconnect"
 {"metadata":{"emulator":{"name":"dataconnect"},"message":"I0810 20:47:00.417410   30200 codegen.go:101] [connector \"default\" javascriptSdk] Generating sources into \"d:\\\\Projects\\\\MediInfo.LK\\\\src\\\\lib\\\\firebase\\\\dataconnect\"\n"}}
[debug] [2026-08-10T15:17:00.423Z] I0810 20:47:00.423231   30200 collector.go:107] schema extensions wrote into "d:\\Projects\\MediInfo.LK\\dataconnect\\.dataconnect\\schema"
Generated sources: main\implicit.gql [1522B] main\input.gql [56976B] main\relation.gql [23702B] main\query.gql [8137B] main\mutation.gql [22360B] prelude.gql [84995B] 
 {"metadata":{"emulator":{"name":"dataconnect"},"message":"I0810 20:47:00.423231   30200 collector.go:107] schema extensions wrote into \"d:\\\\Projects\\\\MediInfo.LK\\\\dataconnect\\\\.dataconnect\\\\schema\"\nGenerated sources: main\\implicit.gql [1522B] main\\input.gql [56976B] main\\relation.gql [23702B] main\\query.gql [8137B] main\\mutation.gql [22360B] prelude.gql [84995B] \n"}}
[debug] [2026-08-10T15:17:00.424Z] I0810 20:47:00.424284   30200 collector.go:107] connector "default" javascriptSdk wrote into "d:\\Projects\\MediInfo.LK\\src\\lib\\firebase\\dataconnect"
Generated sources: README.md [64144B] index.d.ts [15289B] esm\index.esm.js [6545B] index.cjs.js [7423B] .guides/usage.md [2465B] .guides/setup.md [592B] .guides/config.json [236B] esm\package.json [17B] package.json [623B] 
I0810 20:47:00.424284   30200 installsdk.go:138] generate.javascriptSdk.packageJsonDir is not specified, skipping automatic installation of package
I0810 20:47:00.424284   30200 load.go:109] Finished reloading
 {"metadata":{"emulator":{"name":"dataconnect"},"message":"I0810 20:47:00.424284   30200 collector.go:107] connector \"default\" javascriptSdk wrote into \"d:\\\\Projects\\\\MediInfo.LK\\\\src\\\\lib\\\\firebase\\\\dataconnect\"\nGenerated sources: README.md [64144B] index.d.ts [15289B] esm\\index.esm.js [6545B] index.cjs.js [7423B] .guides/usage.md [2465B] .guides/setup.md [592B] .guides/config.json [236B] esm\\package.json [17B] package.json [623B] \nI0810 20:47:00.424284   30200 installsdk.go:138] generate.javascriptSdk.packageJsonDir is not specified, skipping automatic installation of package\nI0810 20:47:00.424284   30200 load.go:109] Finished reloading\n"}}
[debug] [2026-08-10T15:17:20.400Z] I0810 20:47:20.400892   30200 load.go:31] Reloading schema and connectors...
 {"metadata":{"emulator":{"name":"dataconnect"},"message":"I0810 20:47:20.400892   30200 load.go:31] Reloading schema and connectors...\n"}}
[debug] [2026-08-10T15:17:20.407Z] I0810 20:47:20.407712   30200 control.go:100] [projects/emulator/locations/emulator/services/mediinfo-lk-service ed35] UpdateResources(): done
Main schema: sources: schema\schema.gql [1759B] 
Connector "default": sources: connector\mutations.gql [4057B] connector\queries.gql [1942B] 
 {"metadata":{"emulator":{"name":"dataconnect"},"message":"I0810 20:47:20.407712   30200 control.go:100] [projects/emulator/locations/emulator/services/mediinfo-lk-service ed35] UpdateResources(): done\nMain schema: sources: schema\\schema.gql [1759B] \nConnector \"default\": sources: connector\\mutations.gql [4057B] connector\\queries.gql [1942B] \n"}}
[debug] [2026-08-10T15:17:20.417Z] I0810 20:47:20.416863   30200 codegen.go:101] [connector "default" javascriptSdk] Generating sources into "d:\\Projects\\MediInfo.LK\\src\\lib\\firebase\\dataconnect"
 {"metadata":{"emulator":{"name":"dataconnect"},"message":"I0810 20:47:20.416863   30200 codegen.go:101] [connector \"default\" javascriptSdk] Generating sources into \"d:\\\\Projects\\\\MediInfo.LK\\\\src\\\\lib\\\\firebase\\\\dataconnect\"\n"}}
[debug] [2026-08-10T15:17:20.422Z] I0810 20:47:20.422577   30200 collector.go:107] schema extensions wrote into "d:\\Projects\\MediInfo.LK\\dataconnect\\.dataconnect\\schema"
Generated sources: main\input.gql [56976B] main\relation.gql [23702B] main\query.gql [8137B] main\mutation.gql [22360B] prelude.gql [84995B] main\implicit.gql [1522B] 
 {"metadata":{"emulator":{"name":"dataconnect"},"message":"I0810 20:47:20.422577   30200 collector.go:107] schema extensions wrote into \"d:\\\\Projects\\\\MediInfo.LK\\\\dataconnect\\\\.dataconnect\\\\schema\"\nGenerated sources: main\\input.gql [56976B] main\\relation.gql [23702B] main\\query.gql [8137B] main\\mutation.gql [22360B] prelude.gql [84995B] main\\implicit.gql [1522B] \n"}}
[debug] [2026-08-10T15:17:20.424Z] I0810 20:47:20.424193   30200 collector.go:107] connector "default" javascriptSdk wrote into "d:\\Projects\\MediInfo.LK\\src\\lib\\firebase\\dataconnect"
Generated sources: esm\index.esm.js [6545B] index.cjs.js [7423B] README.md [64320B] .guides/usage.md [2465B] .guides/setup.md [592B] .guides/config.json [236B] index.d.ts [15465B] esm\package.json [17B] package.json [623B] 
I0810 20:47:20.424193   30200 installsdk.go:138] generate.javascriptSdk.packageJsonDir is not specified, skipping automatic installation of package
I0810 20:47:20.424193   30200 load.go:109] Finished reloading
 {"metadata":{"emulator":{"name":"dataconnect"},"message":"I0810 20:47:20.424193   30200 collector.go:107] connector \"default\" javascriptSdk wrote into \"d:\\\\Projects\\\\MediInfo.LK\\\\src\\\\lib\\\\firebase\\\\dataconnect\"\nGenerated sources: esm\\index.esm.js [6545B] index.cjs.js [7423B] README.md [64320B] .guides/usage.md [2465B] .guides/setup.md [592B] .guides/config.json [236B] index.d.ts [15465B] esm\\package.json [17B] package.json [623B] \nI0810 20:47:20.424193   30200 installsdk.go:138] generate.javascriptSdk.packageJsonDir is not specified, skipping automatic installation of package\nI0810 20:47:20.424193   30200 load.go:109] Finished reloading\n"}}
[debug] [2026-08-10T16:11:50.400Z] I0810 21:41:50.400207   30200 load.go:31] Reloading schema and connectors...
 {"metadata":{"emulator":{"name":"dataconnect"},"message":"I0810 21:41:50.400207   30200 load.go:31] Reloading schema and connectors...\n"}}
[debug] [2026-08-10T16:11:50.410Z] I0810 21:41:50.411013   30200 control.go:100] [projects/emulator/locations/emulator/services/mediinfo-lk-service 8eec] UpdateResources(): done
Main schema: sources: schema\schema.gql [2123B] 
Connector "default": sources: connector\mutations.gql [4057B] connector\queries.gql [1942B] 
 {"metadata":{"emulator":{"name":"dataconnect"},"message":"I0810 21:41:50.411013   30200 control.go:100] [projects/emulator/locations/emulator/services/mediinfo-lk-service 8eec] UpdateResources(): done\nMain schema: sources: schema\\schema.gql [2123B] \nConnector \"default\": sources: connector\\mutations.gql [4057B] connector\\queries.gql [1942B] \n"}}
[debug] [2026-08-10T16:11:50.420Z] I0810 21:41:50.420881   30200 codegen.go:101] [connector "default" javascriptSdk] Generating sources into "d:\\Projects\\MediInfo.LK\\src\\lib\\firebase\\dataconnect"
 {"metadata":{"emulator":{"name":"dataconnect"},"message":"I0810 21:41:50.420881   30200 codegen.go:101] [connector \"default\" javascriptSdk] Generating sources into \"d:\\\\Projects\\\\MediInfo.LK\\\\src\\\\lib\\\\firebase\\\\dataconnect\"\n"}}
[debug] [2026-08-10T16:11:50.426Z] I0810 21:41:50.426772   30200 collector.go:107] schema extensions wrote into "d:\\Projects\\MediInfo.LK\\dataconnect\\.dataconnect\\schema"
Generated sources: prelude.gql [84995B] main\mutation.gql [25970B] main\implicit.gql [1522B] main\input.gql [68237B] main\relation.gql [28461B] main\query.gql [9457B] 
 {"metadata":{"emulator":{"name":"dataconnect"},"message":"I0810 21:41:50.426772   30200 collector.go:107] schema extensions wrote into \"d:\\\\Projects\\\\MediInfo.LK\\\\dataconnect\\\\.dataconnect\\\\schema\"\nGenerated sources: prelude.gql [84995B] main\\mutation.gql [25970B] main\\implicit.gql [1522B] main\\input.gql [68237B] main\\relation.gql [28461B] main\\query.gql [9457B] \n"}}
[debug] [2026-08-10T16:11:50.428Z] I0810 21:41:50.428363   30200 collector.go:107] connector "default" javascriptSdk wrote into "d:\\Projects\\MediInfo.LK\\src\\lib\\firebase\\dataconnect"
Generated sources: index.d.ts [15557B] esm\index.esm.js [6545B] esm\package.json [17B] README.md [64320B] .guides/config.json [236B] index.cjs.js [7423B] package.json [623B] .guides/usage.md [2465B] .guides/setup.md [592B] 
I0810 21:41:50.428363   30200 installsdk.go:138] generate.javascriptSdk.packageJsonDir is not specified, skipping automatic installation of package
I0810 21:41:50.428363   30200 load.go:109] Finished reloading
 {"metadata":{"emulator":{"name":"dataconnect"},"message":"I0810 21:41:50.428363   30200 collector.go:107] connector \"default\" javascriptSdk wrote into \"d:\\\\Projects\\\\MediInfo.LK\\\\src\\\\lib\\\\firebase\\\\dataconnect\"\nGenerated sources: index.d.ts [15557B] esm\\index.esm.js [6545B] esm\\package.json [17B] README.md [64320B] .guides/config.json [236B] index.cjs.js [7423B] package.json [623B] .guides/usage.md [2465B] .guides/setup.md [592B] \nI0810 21:41:50.428363   30200 installsdk.go:138] generate.javascriptSdk.packageJsonDir is not specified, skipping automatic installation of package\nI0810 21:41:50.428363   30200 load.go:109] Finished reloading\n"}}
[debug] [2026-08-10T16:12:00.401Z] I0810 21:42:00.400846   30200 load.go:31] Reloading schema and connectors...
 {"metadata":{"emulator":{"name":"dataconnect"},"message":"I0810 21:42:00.400846   30200 load.go:31] Reloading schema and connectors...\n"}}
[debug] [2026-08-10T16:12:00.412Z] I0810 21:42:00.411532   30200 control.go:100] [projects/emulator/locations/emulator/services/mediinfo-lk-service 7fcd] UpdateResources(): done
Main schema: sources: schema\schema.gql [2123B] 
Connector "default": sources: connector\mutations.gql [4787B] connector\queries.gql [1942B] 
 {"metadata":{"emulator":{"name":"dataconnect"},"message":"I0810 21:42:00.411532   30200 control.go:100] [projects/emulator/locations/emulator/services/mediinfo-lk-service 7fcd] UpdateResources(): done\nMain schema: sources: schema\\schema.gql [2123B] \nConnector \"default\": sources: connector\\mutations.gql [4787B] connector\\queries.gql [1942B] \n"}}
[debug] [2026-08-10T16:12:00.432Z] I0810 21:42:00.431942   30200 codegen.go:101] [connector "default" javascriptSdk] Generating sources into "d:\\Projects\\MediInfo.LK\\src\\lib\\firebase\\dataconnect"
 {"metadata":{"emulator":{"name":"dataconnect"},"message":"I0810 21:42:00.431942   30200 codegen.go:101] [connector \"default\" javascriptSdk] Generating sources into \"d:\\\\Projects\\\\MediInfo.LK\\\\src\\\\lib\\\\firebase\\\\dataconnect\"\n"}}
[debug] [2026-08-10T16:12:00.443Z] I0810 21:42:00.442875   30200 collector.go:107] schema extensions wrote into "d:\\Projects\\MediInfo.LK\\dataconnect\\.dataconnect\\schema"
Generated sources: main\query.gql [9457B] main\mutation.gql [25970B] prelude.gql [84995B] main\implicit.gql [1522B] main\input.gql [68237B] main\relation.gql [28461B] 
 {"metadata":{"emulator":{"name":"dataconnect"},"message":"I0810 21:42:00.442875   30200 collector.go:107] schema extensions wrote into \"d:\\\\Projects\\\\MediInfo.LK\\\\dataconnect\\\\.dataconnect\\\\schema\"\nGenerated sources: main\\query.gql [9457B] main\\mutation.gql [25970B] prelude.gql [84995B] main\\implicit.gql [1522B] main\\input.gql [68237B] main\\relation.gql [28461B] \n"}}
[debug] [2026-08-10T16:12:00.444Z] I0810 21:42:00.443876   30200 collector.go:107] connector "default" javascriptSdk wrote into "d:\\Projects\\MediInfo.LK\\src\\lib\\firebase\\dataconnect"
Generated sources: index.d.ts [17622B] esm\index.esm.js [7633B] index.cjs.js [8652B] package.json [623B] README.md [74446B] .guides/usage.md [2572B] esm\package.json [17B] .guides/setup.md [592B] .guides/config.json [236B] 
I0810 21:42:00.444380   30200 installsdk.go:138] generate.javascriptSdk.packageJsonDir is not specified, skipping automatic installation of package
I0810 21:42:00.444380   30200 load.go:109] Finished reloading
 {"metadata":{"emulator":{"name":"dataconnect"},"message":"I0810 21:42:00.443876   30200 collector.go:107] connector \"default\" javascriptSdk wrote into \"d:\\\\Projects\\\\MediInfo.LK\\\\src\\\\lib\\\\firebase\\\\dataconnect\"\nGenerated sources: index.d.ts [17622B] esm\\index.esm.js [7633B] index.cjs.js [8652B] package.json [623B] README.md [74446B] .guides/usage.md [2572B] esm\\package.json [17B] .guides/setup.md [592B] .guides/config.json [236B] \nI0810 21:42:00.444380   30200 installsdk.go:138] generate.javascriptSdk.packageJsonDir is not specified, skipping automatic installation of package\nI0810 21:42:00.444380   30200 load.go:109] Finished reloading\n"}}
[debug] [2026-08-10T16:12:40.401Z] I0810 21:42:40.401116   30200 load.go:31] Reloading schema and connectors...
 {"metadata":{"emulator":{"name":"dataconnect"},"message":"I0810 21:42:40.401116   30200 load.go:31] Reloading schema and connectors...\n"}}
[debug] [2026-08-10T16:12:40.412Z] I0810 21:42:40.411908   30200 control.go:100] [projects/emulator/locations/emulator/services/mediinfo-lk-service bf8d] UpdateResources(): done
Main schema: sources: schema\schema.gql [2123B] 
Connector "default": sources: connector\mutations.gql [4787B] connector\queries.gql [2450B] 
 {"metadata":{"emulator":{"name":"dataconnect"},"message":"I0810 21:42:40.411908   30200 control.go:100] [projects/emulator/locations/emulator/services/mediinfo-lk-service bf8d] UpdateResources(): done\nMain schema: sources: schema\\schema.gql [2123B] \nConnector \"default\": sources: connector\\mutations.gql [4787B] connector\\queries.gql [2450B] \n"}}
[debug] [2026-08-10T16:12:40.421Z] I0810 21:42:40.421694   30200 codegen.go:101] [connector "default" javascriptSdk] Generating sources into "d:\\Projects\\MediInfo.LK\\src\\lib\\firebase\\dataconnect"
 {"metadata":{"emulator":{"name":"dataconnect"},"message":"I0810 21:42:40.421694   30200 codegen.go:101] [connector \"default\" javascriptSdk] Generating sources into \"d:\\\\Projects\\\\MediInfo.LK\\\\src\\\\lib\\\\firebase\\\\dataconnect\"\n"}}
[debug] [2026-08-10T16:12:40.429Z] I0810 21:42:40.429464   30200 collector.go:107] schema extensions wrote into "d:\\Projects\\MediInfo.LK\\dataconnect\\.dataconnect\\schema"
Generated sources: prelude.gql [84995B] main\implicit.gql [1522B] main\input.gql [68237B] main\relation.gql [28461B] main\query.gql [9457B] main\mutation.gql [25970B] 
 {"metadata":{"emulator":{"name":"dataconnect"},"message":"I0810 21:42:40.429464   30200 collector.go:107] schema extensions wrote into \"d:\\\\Projects\\\\MediInfo.LK\\\\dataconnect\\\\.dataconnect\\\\schema\"\nGenerated sources: prelude.gql [84995B] main\\implicit.gql [1522B] main\\input.gql [68237B] main\\relation.gql [28461B] main\\query.gql [9457B] main\\mutation.gql [25970B] \n"}}
[debug] [2026-08-10T16:12:40.431Z] I0810 21:42:40.431036   30200 collector.go:107] connector "default" javascriptSdk wrote into "d:\\Projects\\MediInfo.LK\\src\\lib\\firebase\\dataconnect"
Generated sources: esm\index.esm.js [8968B] index.cjs.js [10158B] package.json [623B] README.md [83617B] .guides/config.json [236B] index.d.ts [20017B] esm\package.json [17B] .guides/usage.md [2572B] .guides/setup.md [592B] 
I0810 21:42:40.431036   30200 installsdk.go:138] generate.javascriptSdk.packageJsonDir is not specified, skipping automatic installation of package
I0810 21:42:40.431036   30200 load.go:109] Finished reloading
 {"metadata":{"emulator":{"name":"dataconnect"},"message":"I0810 21:42:40.431036   30200 collector.go:107] connector \"default\" javascriptSdk wrote into \"d:\\\\Projects\\\\MediInfo.LK\\\\src\\\\lib\\\\firebase\\\\dataconnect\"\nGenerated sources: esm\\index.esm.js [8968B] index.cjs.js [10158B] package.json [623B] README.md [83617B] .guides/config.json [236B] index.d.ts [20017B] esm\\package.json [17B] .guides/usage.md [2572B] .guides/setup.md [592B] \nI0810 21:42:40.431036   30200 installsdk.go:138] generate.javascriptSdk.packageJsonDir is not specified, skipping automatic installation of package\nI0810 21:42:40.431036   30200 load.go:109] Finished reloading\n"}}
[info] [Firebase Plugin] Stopping SQL Connect toolkit
[warn] !  SQL Connect Emulator has exited upon receiving signal: SIGINT 
[debug] [2026-08-10T18:05:17.066Z] [Firebase Plugin] Activating Firebase extension.
[debug] [2026-08-10T18:05:19.954Z] [Firebase Plugin] requireAuthWrapper
[debug] [2026-08-10T18:05:19.956Z] > command requires scopes: ["email","openid","https://www.googleapis.com/auth/cloudplatformprojects.readonly","https://www.googleapis.com/auth/firebase","https://www.googleapis.com/auth/cloud-platform"]
[debug] [2026-08-10T18:05:19.957Z] > authorizing via signed-in user (gaviruweerapana@gmail.com)
[debug] [2026-08-10T18:05:19.959Z] Checked if tokens are valid: false, expires at: 1786381970505
[debug] [2026-08-10T18:05:19.959Z] Checked if tokens are valid: false, expires at: 1786381970505
[debug] [2026-08-10T18:05:19.959Z] > refreshing access token with scopes: []
[debug] [2026-08-10T18:05:19.960Z] >>> [apiv2][query] POST https://www.googleapis.com/oauth2/v3/token [none]
[debug] [2026-08-10T18:05:19.960Z] >>> [apiv2][body] POST https://www.googleapis.com/oauth2/v3/token [omitted]
[debug] [2026-08-10T18:05:19.966Z] [Firebase Plugin] VSCode notification server listening on port 40001
[info] [Firebase Plugin] Starting SQL Connect toolkit (version 3.4.16) on port 50001
[debug] [2026-08-10T18:05:20.298Z] I0810 23:35:20.289644   17368 control.go:100] [projects/emulator/locations/emulator/services/mediinfo-lk-service 93c6] UpdateResources(): done
Main schema: sources: schema\schema.gql [2123B] 
Connector "default": sources: connector\mutations.gql [4787B] connector\queries.gql [2450B] 
 {"metadata":{"emulator":{"name":"dataconnect"},"message":"I0810 23:35:20.289644   17368 control.go:100] [projects/emulator/locations/emulator/services/mediinfo-lk-service 93c6] UpdateResources(): done\nMain schema: sources: schema\\schema.gql [2123B] \nConnector \"default\": sources: connector\\mutations.gql [4787B] connector\\queries.gql [2450B] \n"}}
[debug] [2026-08-10T18:05:20.299Z] Ignoring unsupported arg: auto_download {"metadata":{"emulator":{"name":"dataconnect"},"message":"Ignoring unsupported arg: auto_download"}}
[debug] [2026-08-10T18:05:20.299Z] Ignoring unsupported arg: port {"metadata":{"emulator":{"name":"dataconnect"},"message":"Ignoring unsupported arg: port"}}
[debug] [2026-08-10T18:05:20.300Z] Starting SQL Connect Emulator with command {"binary":"C:\\Users\\Gaviru Bihan\\.cache\\firebase\\emulators\\dataconnect-emulator-3.4.16.exe","args":["--logtostderr","-v=2","dev","--listen=localhost:50001","--config_dir=d:\\Projects\\MediInfo.LK\\dataconnect","--enable_output_schema_extensions=true","--enable_output_generated_sdk=true"],"optionalArgs":["listen","config_dir","enable_output_schema_extensions","enable_output_generated_sdk"],"joinArgs":true,"shell":false,"port":9399} {"metadata":{"emulator":{"name":"dataconnect"},"message":"Starting SQL Connect Emulator with command {\"binary\":\"C:\\\\Users\\\\Gaviru Bihan\\\\.cache\\\\firebase\\\\emulators\\\\dataconnect-emulator-3.4.16.exe\",\"args\":[\"--logtostderr\",\"-v=2\",\"dev\",\"--listen=localhost:50001\",\"--config_dir=d:\\\\Projects\\\\MediInfo.LK\\\\dataconnect\",\"--enable_output_schema_extensions=true\",\"--enable_output_generated_sdk=true\"],\"optionalArgs\":[\"listen\",\"config_dir\",\"enable_output_schema_extensions\",\"enable_output_generated_sdk\"],\"joinArgs\":true,\"shell\":false,\"port\":9399}"}}
[info] i  dataconnect: SQL Connect Emulator logging to dataconnect-debug.log {"metadata":{"emulator":{"name":"dataconnect"},"message":"SQL Connect Emulator logging to \u001b[1mdataconnect-debug.log\u001b[22m"}}
[debug] [2026-08-10T18:05:20.513Z] I0810 23:35:20.327186   10948 load.go:31] Reloading schema and connectors...
I0810 23:35:20.337750   10948 control.go:100] [projects/emulator/locations/emulator/services/mediinfo-lk-service 9095] UpdateResources(): done
Main schema: sources: schema\schema.gql [2123B] 
Connector "default": sources: connector\queries.gql [2450B] connector\mutations.gql [4787B] 
I0810 23:35:20.351941   10948 codegen.go:101] [connector "default" javascriptSdk] Generating sources into "d:\\Projects\\MediInfo.LK\\src\\lib\\firebase\\dataconnect"
I0810 23:35:20.360210   10948 collector.go:107] schema extensions wrote into "d:\\Projects\\MediInfo.LK\\dataconnect\\.dataconnect\\schema"
Generated sources: main\relation.gql [28461B] main\query.gql [9457B] main\mutation.gql [25970B] prelude.gql [84995B] main\implicit.gql [1522B] main\input.gql [68237B] 
I0810 23:35:20.361334   10948 collector.go:107] connector "default" javascriptSdk wrote into "d:\\Projects\\MediInfo.LK\\src\\lib\\firebase\\dataconnect"
Generated sources: package.json [623B] .guides/usage.md [2572B] esm\package.json [17B] README.md [83617B] .guides/setup.md [592B] .guides/config.json [236B] index.d.ts [20017B] esm\index.esm.js [8968B] index.cjs.js [10158B] 
I0810 23:35:20.361334   10948 installsdk.go:138] generate.javascriptSdk.packageJsonDir is not specified, skipping automatic installation of package
I0810 23:35:20.361334   10948 load.go:109] Finished reloading
I0810 23:35:20.370633   10948 dev.go:101] Listening on address (HTTP + gRPC): 127.0.0.1:50001
 {"metadata":{"emulator":{"name":"dataconnect"},"message":"I0810 23:35:20.327186   10948 load.go:31] Reloading schema and connectors...\nI0810 23:35:20.337750   10948 control.go:100] [projects/emulator/locations/emulator/services/mediinfo-lk-service 9095] UpdateResources(): done\nMain schema: sources: schema\\schema.gql [2123B] \nConnector \"default\": sources: connector\\queries.gql [2450B] connector\\mutations.gql [4787B] \nI0810 23:35:20.351941   10948 codegen.go:101] [connector \"default\" javascriptSdk] Generating sources into \"d:\\\\Projects\\\\MediInfo.LK\\\\src\\\\lib\\\\firebase\\\\dataconnect\"\nI0810 23:35:20.360210   10948 collector.go:107] schema extensions wrote into \"d:\\\\Projects\\\\MediInfo.LK\\\\dataconnect\\\\.dataconnect\\\\schema\"\nGenerated sources: main\\relation.gql [28461B] main\\query.gql [9457B] main\\mutation.gql [25970B] prelude.gql [84995B] main\\implicit.gql [1522B] main\\input.gql [68237B] \nI0810 23:35:20.361334   10948 collector.go:107] connector \"default\" javascriptSdk wrote into \"d:\\\\Projects\\\\MediInfo.LK\\\\src\\\\lib\\\\firebase\\\\dataconnect\"\nGenerated sources: package.json [623B] .guides/usage.md [2572B] esm\\package.json [17B] README.md [83617B] .guides/setup.md [592B] .guides/config.json [236B] index.d.ts [20017B] esm\\index.esm.js [8968B] index.cjs.js [10158B] \nI0810 23:35:20.361334   10948 installsdk.go:138] generate.javascriptSdk.packageJsonDir is not specified, skipping automatic installation of package\nI0810 23:35:20.361334   10948 load.go:109] Finished reloading\nI0810 23:35:20.370633   10948 dev.go:101] Listening on address (HTTP + gRPC): 127.0.0.1:50001\n"}}
[debug] [2026-08-10T18:05:20.646Z] I0810 23:35:20.646068   10948 engine.go:209] [projects/emulator/locations/emulator/services/mediinfo-lk-service 9095] ExecuteGraphqlRead query IntrospectionQuery: succeeded. 
 {"metadata":{"emulator":{"name":"dataconnect"},"message":"I0810 23:35:20.646068   10948 engine.go:209] [projects/emulator/locations/emulator/services/mediinfo-lk-service 9095] ExecuteGraphqlRead query IntrospectionQuery: succeeded. \n"}}
[debug] [2026-08-10T18:05:20.939Z] <<< [apiv2][status] POST https://www.googleapis.com/oauth2/v3/token 200
[debug] [2026-08-10T18:05:20.939Z] <<< [apiv2][body] POST https://www.googleapis.com/oauth2/v3/token [omitted]
[debug] [2026-08-10T18:05:20.990Z] [Firebase Plugin] User found:  gaviruweerapana@gmail.com
[info] [Firebase Plugin] (Core:Project) New user detected, fetching projects
[debug] [2026-08-10T18:05:20.992Z] Checked if tokens are valid: true, expires at: 1786388719939
[debug] [2026-08-10T18:05:20.992Z] >>> [apiv2][query] GET https://firebase.googleapis.com/v1beta1/projects pageSize=1000
[debug] [2026-08-10T18:05:22.261Z] <<< [apiv2][status] GET https://firebase.googleapis.com/v1beta1/projects 200
[debug] [2026-08-10T18:05:22.262Z] <<< [apiv2][body] GET https://firebase.googleapis.com/v1beta1/projects [omitted]
